// Jest Snapshot v1, https://goo.gl/fbAQLP

exports[`Sidebar renders renders SideBar 1`] = `
<DocumentFragment>
  <div
    class="side-bar"
  >
    <ul>
      <li>
        <a
          class="side-bar__filter"
          href="/"
        >
          Clear All
        </a>
      </li>
      <li>
        <a
          class="side-bar__filter"
          href="/?query={\\"city\\":\\"manchester\\"}"
        >
          Manchester
        </a>
      </li>
      <li>
        <a
          class="side-bar__filter"
          href="/?query={\\"city\\":\\"leeds\\"}"
        >
          Leeds
        </a>
      </li>
      <li>
        <a
          class="side-bar__filter"
          href="/?query={\\"city\\":\\"liverpool\\"}"
        >
          Liverpool
        </a>
      </li>
      <li>
        <a
          class="side-bar__filter"
          href="/?query={\\"city\\":\\"sheeffield\\"}"
        >
          Sheffield
        </a>
      </li>
    </ul>
    Sort:
    <ul>
      <li>
        <a
          href="/?sort={\\"price\\":1}"
        >
          Price Ascending
          <svg
            aria-hidden="true"
            class="svg-inline--fa fa-sort-up "
            data-icon="sort-up"
            data-prefix="fas"
            focusable="false"
            role="img"
            viewBox="0 0 320 512"
            xmlns="http://www.w3.org/2000/svg"
          >
            <path
              d="M27.66 224h264.7c24.6 0 36.89-29.78 19.54-47.12l-132.3-136.8c-5.406-5.406-12.47-8.107-19.53-8.107c-7.055 0-14.09 2.701-19.45 8.107L8.119 176.9C-9.229 194.2 3.055 224 27.66 224z"
              fill="currentColor"
            />
          </svg>
        </a>
        <br />
        <a
          href="/?sort={\\"price\\":-1}"
        >
          Price Descending
          <svg
            aria-hidden="true"
            class="svg-inline--fa fa-sort-down "
            data-icon="sort-down"
            data-prefix="fas"
            focusable="false"
            role="img"
            viewBox="0 0 320 512"
            xmlns="http://www.w3.org/2000/svg"
          >
            <path
              d="M311.9 335.1l-132.4 136.8C174.1 477.3 167.1 480 160 480c-7.055 0-14.12-2.702-19.47-8.109l-132.4-136.8C-9.229 317.8 3.055 288 27.66 288h264.7C316.9 288 329.2 317.8 311.9 335.1z"
              fill="currentColor"
            />
          </svg>
        </a>
      </li>
    </ul>
  </div>
</DocumentFragment>
`;
